2024/01/25 01:02:18 [1.1194ms] POST  
2024/01/25 01:03:22 [889.5µs] POST  
2024/01/25 01:06:13 [1.0804ms] POST  
2024/01/25 01:09:27 [1.0009ms] POST  
2024/01/25 01:09:27 [0s] GET  
2024/01/25 01:10:59 [1.0886ms] POST  
2024/01/25 01:10:59 [0s] GET  
2024/01/25 01:12:51 [1.0927ms] POST  
2024/01/25 01:12:51 [0s] GET  
2024/01/25 01:14:43 [589.3µs] POST  
2024/01/25 01:14:43 [0s] GET  
2024/01/25 01:17:03 [999.7µs] POST  
2024/01/25 01:17:03 [0s] GET  
2024/01/25 01:19:46 [1.1338ms] POST  
2024/01/25 01:19:46 [139.5µs] GET  
2024/01/25 01:24:08 [534.9µs] POST  
2024/01/25 01:24:08 [0s] GET  
2024/01/25 01:25:54 [761.6µs] POST  
2024/01/25 01:25:54 [0s] GET  
2024/01/25 01:25:54 [543.5µs] DELETE  
2024/01/25 01:25:54 [0s] GET  
2024/01/25 01:31:18 [550.7µs] POST  
2024/01/25 01:31:18 [0s] GET  
2024/01/25 01:31:18 [677µs] DELETE  
2024/01/25 01:31:18 [0s] GET  
2024/01/25 01:37:07 [1.0796ms] POST  
2024/01/25 01:37:07 [0s] GET  
2024/01/25 01:37:07 [539.5µs] DELETE  
2024/01/25 01:37:07 [0s] GET  
2024/01/25 01:40:27 [1.1215ms] POST  
2024/01/25 01:40:27 [0s] GET  
2024/01/25 01:40:27 [512.4µs] DELETE  
2024/01/25 01:40:27 [0s] GET  
